// Jest Snapshot v1, https://goo.gl/fbAQLP

exports[`MissionDisplay Builds the snapchot of the Profile component safely 1`] = `null`;
